bun test v1.3.10 (30e609e0)

tests\setup.test.ts:
(pass) MockVectorStore > initializes with vector size
(pass) MockVectorStore > upserts and counts documents
(pass) MockVectorStore > searches by cosine similarity
(pass) MockVectorStore > deletes documents
(pass) MockVectorStore > tracks all calls
(pass) MockVectorStore > reset clears data and call tracking
(pass) MockEmbeddingProvider > embeds with correct dimensions
(pass) MockEmbeddingProvider > produces deterministic vectors
(pass) MockEmbeddingProvider > produces different vectors for different texts
(pass) MockEmbeddingProvider > embedBatch works
(pass) MockEmbeddingProvider > tracks calls
(pass) MockTestGenerator > generates deterministic answers
(pass) MockTestGenerator > handles empty contexts
(pass) MockTestGenerator > generateStream yields source, text, and done chunks
(pass) Factory functions > createSearchResult creates valid result
(pass) Factory functions > createSearchResults creates N results with sequential IDs
(pass) Factory functions > createBM25Document creates valid document
(pass) Factory functions > createBM25Documents creates N documents
(pass) Factory functions > createRawDocument creates valid document
(pass) Factory functions > createVectorDocument creates doc with deterministic vector
(pass) Factory functions > deterministicVector is deterministic
(pass) Factory functions > deterministicVector produces unit-length vectors
(pass) Pre-built datasets > TEST_DOCUMENTS has 10 diverse documents
(pass) Pre-built datasets > TEST_RAW_DOCUMENTS has valid structure
(pass) Pre-built datasets > TEST_SEARCH_RESULTS has 5 sorted results
(pass) Pre-built datasets > BM25_TEST_CORPUS has 10 documents
(pass) Pre-built datasets > RELEVANCE_MAP has entries for all topics
(pass) Pre-built datasets > GOLDEN_DATASET matches RELEVANCE_MAP
(pass) Pre-built datasets > createRankedResults creates correct structure
(pass) Fixtures > SAMPLE_QUERIES has queries
(pass) Fixtures > getTestPort returns high port
(pass) Fixtures > document content fixtures are defined

tests\unit\a2a-server.test.ts:
(pass) A2A Server ΓÇö handleA2ARequest > GET /.well-known/agent-card.json returns agent card
(pass) A2A Server ΓÇö handleA2ARequest > message/send creates and executes a task
(pass) A2A Server ΓÇö handleA2ARequest > message/send with query param works
(pass) A2A Server ΓÇö handleA2ARequest > message/send without text returns error
(pass) A2A Server ΓÇö handleA2ARequest > tasks/get returns a specific task
(pass) A2A Server ΓÇö handleA2ARequest > tasks/get without taskId returns error
(pass) A2A Server ΓÇö handleA2ARequest > tasks/list returns all tasks
(pass) A2A Server ΓÇö handleA2ARequest > tasks/cancel cancels a task
(pass) A2A Server ΓÇö handleA2ARequest > unknown method returns method-not-found error
(pass) A2A Server ΓÇö handleA2ARequest > invalid JSON returns parse error
(pass) A2A Server ΓÇö handleA2ARequest > missing jsonrpc version returns invalid request
(pass) A2A Server ΓÇö handleA2ARequest > non-matching path returns 404

tests\unit\agent-card.test.ts:
(pass) createAgentCard > has correct card structure with required fields
(pass) createAgentCard > skills array contains retrieve, answer, and search skills
(pass) createAgentCard > url field includes baseUrl with /a2a path
(pass) createAgentCard > capabilities flags are correctly set
(pass) createAgentCard > uses different baseUrl correctly

tests\unit\bm25.test.ts:
(pass) BM25 ΓÇô indexing > indexes correct number of documents
(pass) BM25 ΓÇô indexing > term frequencies are tracked correctly (repeat terms boost score)
(pass) BM25 ΓÇô indexing > empty corpus: search returns empty results
(pass) BM25 ΓÇô indexing > re-indexing clears previous state
(pass) BM25 ΓÇô search > relevant documents ranked higher than irrelevant
(pass) BM25 ΓÇô search > topK limits the number of results
(pass) BM25 ΓÇô search > empty query returns no results
(pass) BM25 ΓÇô search > query with only stopwords returns no results
(pass) BM25 ΓÇô search > results are sorted by score descending
(pass) BM25 ΓÇô search > search returns content and metadata
(pass) BM25 ΓÇô tokenization > stopword removal: common words excluded from matching
(pass) BM25 ΓÇô tokenization > punctuation splitting: terms extracted from punctuated text
(pass) BM25 ΓÇô tokenization > case insensitivity: matching is case-independent
(pass) BM25 ΓÇô tokenization > Unicode punctuation handled correctly
(pass) BM25 ΓÇô stemming > -ing suffix: "learning" matches "learn"
(pass) BM25 ΓÇô stemming > -ed suffix: "trained" matches "train"
191 | 
192 |   test('-ly suffix: "quickly" matches "quick"', () => {
193 |     const idx = new BM25Index();
194 |     idx.index(makeDocs([{ id: 's3', content: 'the algorithm converges quickly' }]));
195 |     const results = idx.search('quick', 5);
196 |     expect(results.length).toBe(1);
                                 ^
error: expect(received).toBe(expected)

Expected: 1
Received: 0

      at <anonymous> (C:\Users\aviraldua\OneDrive - Microsoft\Desktop\Git-Personal\rag-a2a\tests\unit\bm25.test.ts:196:28)
(fail) BM25 ΓÇô stemming > -ly suffix: "quickly" matches "quick" [16.00ms]
198 | 
199 |   test('-er suffix: "learner" matches "learn"', () => {
200 |     const idx = new BM25Index();
201 |     idx.index(makeDocs([{ id: 's4', content: 'a slow learner improves' }]));
202 |     const results = idx.search('learn', 5);
203 |     expect(results.length).toBe(1);
                                 ^
error: expect(received).toBe(expected)

Expected: 1
Received: 0

      at <anonymous> (C:\Users\aviraldua\OneDrive - Microsoft\Desktop\Git-Personal\rag-a2a\tests\unit\bm25.test.ts:203:28)
(fail) BM25 ΓÇô stemming > -er suffix: "learner" matches "learn"
(pass) BM25 ΓÇô stemming > -s suffix: "algorithms" matches "algorithm"
(pass) BM25 ΓÇô stemming > -tion suffix: "generation" matches "genera"
(pass) BM25 ΓÇô stemming > short words (Γëñ3 chars) are unchanged by stemming
(pass) BM25 ΓÇô scoring parameters > higher k1 increases score differentiation for term frequency
(pass) BM25 ΓÇô scoring parameters > b=0 disables length normalization: long and short docs scored equally (ignoring TF)
(pass) BM25 ΓÇô scoring parameters > b=1 penalizes longer documents
(pass) BM25 ΓÇô scoring parameters > IDF correctness: rare terms get higher scores
(pass) BM25 ΓÇô scoring parameters > scores are always non-negative

tests\unit\chunker.test.ts:
(pass) Chunker ΓÇô sliding-window > basic split: produces multiple chunks for long text
(pass) Chunker ΓÇô sliding-window > overlap correctness: consecutive chunks overlap by chunkOverlap chars
(pass) Chunker ΓÇô sliding-window > single-chunk doc: content shorter than chunkSize returns one chunk
(pass) Chunker ΓÇô sliding-window > empty doc: returns empty array
(pass) Chunker ΓÇô sliding-window > whitespace-only doc: returns empty array
(pass) Chunker ΓÇô sliding-window > chunkOverlap >= chunkSize: step clamped to 1 (no infinite loop)
(pass) Chunker ΓÇô sliding-window > chunk offsets cover the entire document without gaps
(pass) Chunker ΓÇô semantic > paragraph merging: merges small paragraphs up to chunkSize
(pass) Chunker ΓÇô semantic > paragraph splitting: large paragraphs produce separate chunks
(pass) Chunker ΓÇô semantic > no paragraph breaks: oversized single chunk is recursively split
(pass) Chunker ΓÇô semantic > large individual paragraphs: each becomes its own chunk
(pass) Chunker ΓÇô semantic > content shorter than chunkSize with paragraph breaks: single chunk
(pass) Chunker ΓÇô recursive > separator fallback: uses paragraph then newline separators
(pass) Chunker ΓÇô recursive > hard-split: falls through to char-level sliding window when no separator helps
(pass) Chunker ΓÇô recursive > nested recursion: paragraph split then sentence split
(pass) Chunker ΓÇô recursive > small text that fits in one chunk
(pass) Chunker ΓÇô metadata > id format: ${documentId}-${chunkIndex}
(pass) Chunker ΓÇô metadata > chunkIndex is zero-based and sequential
(pass) Chunker ΓÇô metadata > startChar / endChar offsets match sliced content
(pass) Chunker ΓÇô metadata > strategy field matches requested strategy
(pass) Chunker ΓÇô metadata > documentId on each chunk matches parent doc
(pass) Chunker ΓÇô metadata > source metadata propagated from parent doc

tests\unit\cohere-reranker.test.ts:
(pass) CohereReranker > constructor throws when API key is empty
(pass) CohereReranker > constructor throws when API key is whitespace-only
(pass) CohereReranker > constructor succeeds with a valid API key
(pass) CohereReranker > returns empty array for empty results
(pass) CohereReranker > returns results sliced to topK when query is empty
(pass) CohereReranker > reranks results according to Cohere relevance scores
(pass) CohereReranker > topK limits the number of returned results
(pass) CohereReranker > sends correct request to Cohere API
(pass) CohereReranker > throws descriptive error on API 401
(pass) CohereReranker > throws descriptive error on API 429 rate limit (after retries) [1516.00ms]
(pass) CohereReranker > throws descriptive error on API 500 (after retries) [1515.00ms]
(pass) CohereReranker > throws on network fetch failure
(pass) CohereReranker > retries on 429 and succeeds on subsequent attempt [516.00ms]
(pass) CohereReranker > retries on 500 server error and eventually succeeds [1516.00ms]
(pass) CohereReranker > preserves metadata through reranking
(pass) CohereReranker > implements the Reranker interface
(pass) CohereReranker > uses custom model when specified

tests\unit\config.test.ts:
(pass) loadConfig > returns correct default values when no env vars are set
(pass) loadConfig > env var overrides are applied correctly
(pass) loadConfig > returns correctly typed values (numbers, strings)

tests\unit\embedding-metadata.test.ts:
(pass) Embedding model metadata ΓÇö ingestion > ingestDirectory stores embedder.modelName as embeddingModel in each document metadata [16.00ms]
(pass) Embedding model metadata ΓÇö ingestion > embeddingModel matches the embedder modelName property [16.00ms]
186 |         r.metadata.embeddingModel != null &&
187 |         r.metadata.embeddingModel !== currentModel,
188 |     );
189 |     if (mismatched.length > 0) {
190 |       const storedModel = mismatched[0].metadata.embeddingModel;
191 |       log.warn({
            ^
ReferenceError: log is not defined
      at checkEmbeddingModelMismatch (C:\Users\aviraldua\OneDrive - Microsoft\Desktop\Git-Personal\rag-a2a\src\retrieval\pipeline.ts:191:7)
      at retrieve (C:\Users\aviraldua\OneDrive - Microsoft\Desktop\Git-Personal\rag-a2a\src\retrieval\pipeline.ts:106:12)
      at async <anonymous> (C:\Users\aviraldua\OneDrive - Microsoft\Desktop\Git-Personal\rag-a2a\tests\unit\embedding-metadata.test.ts:115:20)
(fail) Embedding model metadata ΓÇö retrieval mismatch warning > warns when stored embeddingModel differs from current embedder
(pass) Embedding model metadata ΓÇö retrieval mismatch warning > no warning when embeddingModel matches current embedder
(pass) Embedding model metadata ΓÇö retrieval mismatch warning > no warning when documents have no embeddingModel metadata (backwards compat)
186 |         r.metadata.embeddingModel != null &&
187 |         r.metadata.embeddingModel !== currentModel,
188 |     );
189 |     if (mismatched.length > 0) {
190 |       const storedModel = mismatched[0].metadata.embeddingModel;
191 |       log.warn({
            ^
ReferenceError: log is not defined
      at checkEmbeddingModelMismatch (C:\Users\aviraldua\OneDrive - Microsoft\Desktop\Git-Personal\rag-a2a\src\retrieval\pipeline.ts:191:7)
      at retrieve (C:\Users\aviraldua\OneDrive - Microsoft\Desktop\Git-Personal\rag-a2a\src\retrieval\pipeline.ts:106:12)
      at async <anonymous> (C:\Users\aviraldua\OneDrive - Microsoft\Desktop\Git-Personal\rag-a2a\tests\unit\embedding-metadata.test.ts:205:20)
(fail) Embedding model metadata ΓÇö retrieval mismatch warning > warning fires during hybrid search mode too
(pass) Embedding model metadata ΓÇö retrieval mismatch warning > no warning in keyword-only mode (no vector search)

tests\unit\evaluation-integration.test.ts:
(pass) Evaluation Integration > ingestion produces chunks for all 4 sample documents
(pass) Evaluation Integration > chunk IDs follow the expected format: <hash>-<index>
(pass) Evaluation Integration > golden dataset maps to real chunk IDs
(pass) Evaluation Integration > retrieval pipeline returns results for sample queries
(pass) Evaluation Integration > runEvaluation returns non-zero avgMRR [16.00ms]
(pass) Evaluation Integration > runEvaluation returns non-zero avgPrecisionAt5
(pass) Evaluation Integration > runEvaluation returns non-zero avgRecallAt5
(pass) Evaluation Integration > runEvaluation evaluates all golden queries
(pass) Evaluation Integration > per-query MRR values are all non-negative
(pass) Evaluation Integration > full evaluation summary has valid ranges

tests\unit\executor.test.ts:
(pass) TaskExecutor > execute() creates task with submittedΓåÆworkingΓåÆcompleted lifecycle
(pass) TaskExecutor > execute() with generator produces generated-answer artifact
(pass) TaskExecutor > execute() produces retrieval-results artifact
(pass) TaskExecutor > execute() without generator returns retrieval summary
(pass) TaskExecutor > execute() without generator and no results returns no-results message
(pass) TaskExecutor > getTask() returns correct task after execution
(pass) TaskExecutor > getTask() returns undefined for non-existent task
(pass) TaskExecutor > listTasks() returns all executed tasks
(pass) TaskExecutor > cancelTask() transitions working/submitted task to failed
(pass) TaskExecutor > cancelTask() returns undefined for non-existent task
(pass) TaskExecutor > execute() failure sets status=failed with error message
(pass) TaskExecutor > task timestamps are ISO strings and updatedAt changes
(pass) TaskExecutor > generated-answer artifact includes model metadata

tests\unit\hybrid.test.ts:
(pass) Hybrid search ΓÇô reciprocalRankFusion > overlapping results: shared docs get summed scores from both lists
(pass) Hybrid search ΓÇô reciprocalRankFusion > disjoint results: all docs appear in output
(pass) Hybrid search ΓÇô reciprocalRankFusion > single-source results (empty keyword): only vector results appear
(pass) Hybrid search ΓÇô reciprocalRankFusion > vectorWeight=0 (pure keyword): vector results get zero contribution
(pass) Hybrid search ΓÇô reciprocalRankFusion > vectorWeight=1 (pure vector): keyword results get zero contribution
(pass) Hybrid search ΓÇô reciprocalRankFusion > k parameter effect: smaller k amplifies rank differences
(pass) Hybrid search ΓÇô reciprocalRankFusion > score monotonicity: results are sorted by descending combined score
(pass) Hybrid search ΓÇô reciprocalRankFusion > deduplication: same doc in both lists appears only once in output
(pass) Hybrid search ΓÇô reciprocalRankFusion > both empty: returns empty array
(pass) Hybrid search ΓÇô reciprocalRankFusion > RRF score formula is correct for known inputs

tests\unit\metrics.test.ts:
(pass) meanReciprocalRank > returns 1.0 when the first result is relevant
(pass) meanReciprocalRank > returns 0.5 when the second result is the first relevant
(pass) meanReciprocalRank > returns reciprocal of last position when only last result is relevant
(pass) meanReciprocalRank > returns 0 when no results are relevant
(pass) meanReciprocalRank > returns 0 for empty results
(pass) precisionAtK > returns 1.0 when all top-K results are relevant
(pass) precisionAtK > returns 0.0 when no top-K results are relevant
(pass) precisionAtK > returns correct fraction for partial relevance
(pass) precisionAtK > handles K larger than results array
(pass) recallAtK > returns 1.0 when all relevant docs are found in top-K
(pass) recallAtK > returns 0.0 when none of the relevant docs are in top-K
(pass) recallAtK > returns 0 when relevant set is empty
(pass) recallAtK > returns correct fraction when some relevant docs are found
(pass) ndcg > returns 1.0 for perfect ranking (all relevant at top)
(pass) ndcg > returns < 1 for inverse ranking (relevant at bottom)
(pass) ndcg > returns 0 when no results are relevant
(pass) ndcg > returns 0 for empty results
(pass) ndcg > returns 0 when relevant set is empty (idcg = 0)
(pass) ndcg > calculates correct DCG for known arrangement
(pass) contextRelevance > returns 1.0 when all query terms appear in all results
(pass) contextRelevance > returns 0 when no query terms appear in results
(pass) contextRelevance > returns 0 for empty results
(pass) contextRelevance > filters out short query terms (Γëñ2 chars)
(pass) contextRelevance > returns partial score when some query terms match

tests\unit\mock-providers.test.ts:
(pass) MockEmbedder > same text produces identical vectors (determinism)
(pass) MockEmbedder > different texts produce different vectors
(pass) MockEmbedder > vectors are unit-length (L2-normalized)
(pass) MockEmbedder > embedBatch returns correct number of vectors
(pass) MockEmbedder > dimensions and modelName are set correctly
(pass) MockGenerator > generate() returns expected structure with answer, sources, model
(pass) MockGenerator > generate() with empty contexts returns cannot-find message
(pass) MockGenerator > generateStream() yields source, text, and done chunks in order
(pass) MockGenerator > generateStream() source chunks contain valid JSON with id and score

tests\unit\pipeline.test.ts:
(pass) RetrievalPipeline > full pipeline retrieve() returns results with scores
(pass) RetrievalPipeline > metadata fields populated correctly
(pass) RetrievalPipeline > durationMs is positive
(pass) RetrievalPipeline > pipeline with no BM25 docs: only vector results contribute
(pass) RetrievalPipeline > pipeline with empty vector store: only BM25 results contribute
(pass) RetrievalPipeline > rerankTopK limits output count
(pass) RetrievalPipeline > hybridWeight=0 means only keyword results have RRF weight
(pass) RetrievalPipeline > results are sorted by score descending
(pass) RetrievalPipeline > retrieve returns content and metadata on each result

tests\unit\prompt.test.ts:
(pass) buildSystemPrompt > contains citation instructions with [Source N] format
(pass) buildSystemPrompt > instructs to only answer based on provided context
(pass) buildSystemPrompt > instructs to state when answer is not found in context
(pass) buildRAGPrompt > includes context block with source labels and content
(pass) buildRAGPrompt > includes score in context block
(pass) buildRAGPrompt > produces fallback message when contexts are empty

tests\unit\reranker.test.ts:
(pass) ScoreReranker > basic reranking: result with query term overlap ranks higher
(pass) ScoreReranker > empty results: returns empty array
(pass) ScoreReranker > empty query: returns results unchanged up to topK
(pass) ScoreReranker > topK limits output count
(pass) ScoreReranker > term overlap scoring: higher overlap = higher boost
(pass) ScoreReranker > combined score weighting: 60% original + 40% overlap
(pass) ScoreReranker > case insensitivity: matching is case-independent
(pass) ScoreReranker > results with zero overlap: score is 60% of original
(pass) ScoreReranker > sorted by combined score descending after reranking
(pass) ScoreReranker > preserves metadata through reranking

tests\unit\semaphore.test.ts:
(pass) Semaphore > constructor rejects maxConcurrency < 1
(pass) Semaphore > available starts at maxConcurrency
(pass) Semaphore > acquire decrements available permits
(pass) Semaphore > release increments available permits
(pass) Semaphore > double release is idempotent
(pass) Semaphore > N+1 acquires with N-capacity blocks the last caller until release [31.00ms]
(pass) Semaphore > waiters are resolved in FIFO order
(pass) Semaphore > withLock runs function and releases on success
(pass) Semaphore > withLock releases permit even on error
(pass) Semaphore > withLock limits concurrency [188.00ms]
(pass) Semaphore > semaphore with concurrency 1 serializes execution [47.00ms]

tests\unit\sse.test.ts:
(pass) SSEStream > createResponse returns response with correct SSE headers
(pass) SSEStream > send() encodes named events correctly
(pass) SSEStream > sendText() encodes data as default message event
(pass) SSEStream > close() prevents further writes and does not throw on double close
(pass) SSEStream > multiple sends are concatenated in order

4 tests failed:
(fail) BM25 ΓÇô stemming > -ly suffix: "quickly" matches "quick" [16.00ms]
(fail) BM25 ΓÇô stemming > -er suffix: "learner" matches "learn"
(fail) Embedding model metadata ΓÇö retrieval mismatch warning > warns when stored embeddingModel differs from current embedder
(fail) Embedding model metadata ΓÇö retrieval mismatch warning > warning fires during hybrid search mode too

 227 pass
 4 fail
 1302 expect() calls
Ran 231 tests across 18 files. [5.79s]
